DTW distance 1: 2.000000
Optimal path: [(0, 0), (1, 1), (1, 2), (1, 3), (2, 4), (3, 5), (4, 6), (5, 7), (6, 8), (7, 9), (8, 10), (9, 11), (10, 12), (11, 13), (12, 13), (13, 14), (14, 14), (15, 15), (16, 16), (17, 17), (18, 18), (19, 19), (20, 20), (21, 21), (21, 22), (21, 23), (22, 24), (23, 25), (24, 26), (25, 27), (25, 28), (25, 29), (25, 30), (25, 31), (26, 32)]
DTW distance 2: 211.000000
Optimal path: [(0, 0), (1, 1), (2, 2), (2, 3), (2, 4), (2, 5), (2, 6), (2, 7), (3, 8), (4, 9), (5, 10), (6, 11), (7, 11), (8, 11), (9, 11), (10, 11), (11, 11), (12, 11), (13, 11), (14, 11), (15, 11), (16, 11), (17, 11), (18, 11), (19, 11), (20, 11), (21, 11), (22, 11), (23, 11), (24, 11), (25, 11), (26, 11)]
DTW distance 3: 391.000000
Optimal path: [(0, 0), (1, 1), (2, 1), (3, 1), (4, 1), (5, 1), (6, 1), (7, 1), (8, 1), (9, 1), (10, 1), (11, 1), (12, 1), (13, 1), (14, 1), (15, 2), (16, 3), (17, 4), (18, 5), (19, 6), (20, 7), (21, 8), (22, 9), (23, 10), (24, 11), (25, 12), (26, 13)]
