DTW distance 1: 514.000000
Optimal path: [(0, 0), (1, 1), (1, 2), (2, 2), (3, 3), (4, 3), (4, 4), (5, 4), (6, 4), (7, 5), (8, 5), (8, 6), (9, 7), (9, 8), (10, 8), (10, 9), (11, 10), (12, 11), (13, 11), (13, 12), (14, 13), (15, 13), (16, 13), (16, 14), (16, 15), (16, 16), (16, 17), (16, 18), (16, 19), (16, 20), (16, 21), (17, 21), (18, 21), (19, 21), (20, 21), (21, 21), (22, 21), (23, 21), (24, 21), (25, 21), (26, 21), (27, 21), (28, 21), (29, 21), (30, 21), (31, 21), (32, 21), (33, 21), (34, 21), (35, 21), (35, 22), (35, 23), (35, 24), (35, 25), (35, 26), (35, 27), (35, 28), (35, 29), (35, 30), (35, 31), (35, 32), (35, 33), (35, 34), (35, 35), (35, 36), (35, 37), (35, 38), (35, 39), (36, 39), (37, 39), (38, 39), (39, 39), (40, 39), (41, 39), (42, 39), (43, 39), (44, 39), (45, 39), (46, 39), (47, 39), (48, 39), (49, 39), (50, 39), (51, 39), (52, 39), (53, 39), (54, 39), (55, 39), (56, 39), (57, 39), (58, 39), (59, 39), (60, 39), (61, 39), (62, 39), (63, 39), (64, 39), (65, 39), (66, 39), (67, 39), (68, 39), (69, 39), (70, 39), (71, 39), (72, 39), (73, 39), (74, 39), (75, 39), (76, 39), (77, 39), (78, 39), (79, 39), (80, 39), (81, 39), (82, 39), (83, 39), (84, 39), (85, 39), (86, 39), (87, 39), (88, 39), (89, 39), (90, 39), (91, 39), (92, 39), (93, 39), (94, 39), (95, 39), (96, 39), (97, 39), (98, 39), (99, 39), (100, 39), (101, 39), (102, 39), (103, 39), (104, 39), (105, 39), (106, 39), (107, 39), (108, 39), (109, 39), (110, 39), (111, 39), (112, 39), (113, 39), (114, 39), (115, 39), (116, 39), (117, 39), (118, 39), (119, 39), (120, 39), (121, 39), (122, 39), (123, 39), (124, 39), (125, 39), (126, 39), (127, 39), (128, 39), (129, 39), (130, 39), (131, 39), (132, 39), (133, 39), (134, 39), (135, 39), (136, 39), (137, 39), (138, 39), (139, 39), (140, 39), (141, 39), (142, 39), (143, 39)]
DTW distance 2: 484.000000
Optimal path: [(0, 0), (1, 1), (1, 2), (2, 2), (3, 2), (4, 3), (4, 4), (5, 4), (6, 4), (7, 5), (7, 6), (8, 6), (9, 6), (9, 7), (9, 8), (10, 9), (11, 10), (11, 11), (12, 11), (13, 11), (13, 12), (13, 13), (14, 13), (15, 14), (16, 14), (16, 15), (16, 16), (17, 16), (17, 17), (18, 18), (19, 18), (19, 19), (20, 19), (21, 20), (21, 21), (22, 21), (23, 22), (24, 23), (25, 24), (26, 24), (26, 25), (27, 25), (27, 26), (28, 26), (28, 27), (28, 28), (29, 28), (30, 28), (31, 28), (32, 28), (33, 28), (34, 28), (35, 28), (35, 29), (35, 30), (35, 31), (35, 32), (35, 33), (35, 34), (35, 35), (35, 36), (35, 37), (35, 38), (35, 39), (35, 40), (35, 41), (35, 42), (35, 43), (35, 44), (35, 45), (35, 46), (35, 47), (35, 48), (35, 49), (35, 50), (35, 51), (36, 51), (37, 51), (38, 51), (39, 51), (40, 51), (41, 51), (42, 51), (43, 51), (44, 51), (45, 51), (46, 51), (47, 51), (48, 51), (49, 51), (50, 51), (51, 51), (52, 51), (53, 51), (54, 51), (55, 51), (56, 51), (57, 51), (58, 51), (59, 51), (60, 51), (61, 51), (62, 51), (63, 51), (64, 51), (65, 51), (66, 51), (67, 51), (68, 51), (69, 51), (70, 51), (71, 51), (72, 51), (73, 51), (74, 51), (75, 51), (76, 51), (77, 51), (78, 51), (79, 51), (80, 51), (81, 51), (82, 51), (83, 51), (84, 51), (85, 51), (86, 51), (87, 51), (88, 51), (89, 51), (90, 51), (91, 51), (92, 51), (93, 51), (94, 51), (95, 51), (96, 51), (97, 51), (98, 51), (99, 51), (100, 51), (101, 51), (102, 51), (103, 51), (104, 51), (105, 51), (106, 51), (107, 51), (108, 51), (109, 51), (110, 51), (111, 51), (112, 51), (113, 51), (114, 51), (115, 51), (116, 51), (117, 51), (118, 51), (119, 51), (120, 51), (121, 51), (122, 51), (123, 51), (124, 51), (125, 51), (126, 51), (127, 51), (128, 51), (129, 51), (130, 51), (131, 51), (132, 51), (133, 51), (134, 51), (135, 51), (136, 51), (137, 51), (138, 51), (139, 51), (140, 51), (141, 51), (142, 51), (143, 51)]
DTW distance 3: 511.000000
Optimal path: [(0, 0), (0, 1), (1, 1), (1, 2), (1, 3), (2, 3), (3, 3), (3, 4), (3, 5), (3, 6), (4, 6), (4, 7), (5, 7), (6, 7), (6, 8), (7, 9), (7, 10), (8, 10), (9, 10), (9, 11), (10, 11), (11, 12), (11, 13), (12, 13), (12, 14), (13, 14), (13, 15), (14, 15), (14, 16), (15, 16), (16, 16), (16, 17), (16, 18), (16, 19), (16, 20), (16, 21), (16, 22), (16, 23), (16, 24), (16, 25), (16, 26), (16, 27), (16, 28), (16, 29), (17, 29), (18, 29), (19, 29), (20, 29), (21, 29), (22, 29), (23, 29), (24, 29), (25, 29), (26, 29), (27, 29), (28, 29), (29, 29), (30, 29), (31, 30), (32, 31), (32, 32), (33, 32), (34, 32), (34, 33), (34, 34), (35, 34), (35, 35), (35, 36), (35, 37), (35, 38), (35, 39), (35, 40), (35, 41), (35, 42), (35, 43), (36, 43), (37, 44), (38, 45), (39, 45), (39, 46), (39, 47), (40, 47), (41, 48), (42, 49), (43, 49), (44, 49), (45, 49), (46, 49), (46, 50), (47, 50), (48, 50), (49, 50), (50, 50), (51, 50), (52, 50), (53, 50), (54, 50), (55, 50), (56, 50), (57, 50), (58, 50), (59, 50), (60, 50), (61, 50), (62, 50), (63, 50), (64, 50), (65, 50), (66, 50), (67, 50), (68, 50), (69, 50), (70, 50), (71, 50), (72, 50), (73, 50), (74, 50), (75, 50), (76, 50), (77, 50), (78, 50), (79, 50), (80, 50), (81, 50), (82, 50), (83, 50), (84, 50), (85, 50), (86, 50), (87, 50), (88, 50), (89, 50), (90, 50), (91, 50), (92, 50), (93, 50), (94, 50), (95, 50), (96, 50), (97, 50), (98, 50), (99, 50), (100, 50), (101, 50), (102, 50), (103, 50), (104, 50), (105, 50), (106, 50), (107, 50), (108, 50), (109, 50), (110, 50), (111, 50), (112, 50), (113, 50), (114, 50), (115, 50), (116, 50), (117, 50), (118, 50), (119, 50), (120, 50), (121, 50), (122, 50), (123, 50), (124, 50), (125, 50), (126, 50), (127, 50), (128, 50), (129, 50), (130, 50), (131, 50), (132, 50), (133, 50), (134, 50), (135, 50), (136, 50), (137, 50), (138, 50), (139, 50), (140, 50), (141, 50), (142, 50), (143, 50)]
