DTW distance 1: 9.000000
Optimal path: [(0, 0), (1, 0), (1, 1), (1, 2), (2, 3), (2, 4), (3, 5), (4, 5)]
DTW distance 2: 13.000000
Optimal path: [(0, 0), (1, 1), (1, 2), (1, 3), (1, 4), (2, 4), (2, 5), (2, 6), (2, 7), (2, 8), (3, 9), (4, 9)]
DTW distance 3: 13.000000
Optimal path: [(0, 0), (0, 1), (0, 2), (1, 2), (2, 2), (3, 2), (4, 2)]
